loaded in 3258 ms
poll phase=0 at 5 ms
poll phase=1 at 704 ms
poll phase=1.5 at 1427 ms
poll phase=2 at 1662 ms
poll phase=2.5 at 3283 ms
poll phase=3 at 3502 ms
poll phase=3.5 at 7133 ms
poll phase=4 at 7362 ms
poll phase=4.5 at 10123 ms
poll phase=5 at 10351 ms
poll phase=5.5 at 13312{"res":[]}
loadComplete at []
errors: [
  'Runtime Error: can not insert value to array',
  'Runtime Error: can not insert value to array',
  'Runtime Error: can not insert value to array',
  'Runtime Error: can not insert value to array'
]
l phase=10.5 at 26389 ms
poll phase=11 at 26620 ms
poll phase=11.5 at 29641 ms
poll phase=12 at 29874 ms
poll phase=12.5 at 33033 ms
poll phase=13 at 33260 ms
poll phase=13.5 at 33930 ms
poll phase=14 at 34153 ms
poll phase=14.5 at 35689 ms
poll phase=15 at 35914 ms
poll phase=15.5 at 39496 ms
poll phase=16 at 39727 ms
poll phase=16.5 at 42463 ms
poll phase=17 at 42694 ms
poll phase=17.5 at 45719 ms
poll phase=18 at 45956 ms
poll phase=18.5 at 49147 ms
poll phase=99 at 49374 ms
{"res":["1",51200,51200,48144,3504,154128,"1",51200,51200,48144,3504,154128,"1",51200,51200,48144,3504,154128]}
loadComplete at []
errors: none
