loaded in 18466 ms
eval "answered"
t=7000 {"status":"프롬프트 읽는 중  토큰 1  |  레이어 1/30  |  0초","outText":"Once upon a time"}
t=32s {"heapMB":695,"status":"프롬프트 읽는 중  토큰 1  |  레이어 5/30  |  31초","outText":"Once upon a time"}
t=63s {"heapMB":722,"status":"프롬프트 읽는 중  토큰 1  |  레이어 10/30  |  63.3초","outText":"Once upon a time"}
t=95s {"heapMB":729,"status":"프롬프트 읽는 중  토큰 1  |  레이어 14/30  |  94초","outText":"Once upon a time"}
t=125s {"heapMB":758,"status":"프롬프트 읽는 중  토큰 1  |  레이어 19/30  |  126.1초","outText":"Once upon a time"}
t=156s {"heapMB":721,"status":"프롬프트 읽는 중  토큰 1  |  레이어 24/30  |  156.4초","outText":"Once upon a time"}
t=187s {"heapMB":788,"status":"프롬프트 읽는 중  토큰 1  |  레이어 29/30  |  187.4초","outText":"Once upon a time"}
t=218s {"heapMB":746,"status":"프롬프트 읽는 중  토큰 2  |  레이어 4/30  |  20.3초","outText":"Once upon a time"}
t=248s {"heapMB":839,"status":"프롬프트 읽는 중  토큰 2  |  레이어 9/30  |  49초","outText":"Once upon a time"}
t=278s {"heapMB":738,"status":"프롬프트 읽는 중  토큰 2  |  레이어 15/30  |  80.4초","outText":"Once upon a time"}
t=308s {"heapMB":754,"status":"프롬프트 읽는 중  토큰 2  |  레이어 20/30  |  110.9초","outText":"Once upon a time"}
t=338s {"heapMB":766,"status":"프롬프트 읽는 중  토큰 2  |  레이어 25/30  |  139.7초","outText":"Once upon a time"}
t=369s {"heapMB":785,"status":"프롬프트 읽는 중  토큰 3  |  레이어 1/30  |  1.7초","outText":"Once upon a time"}
t=400s {"heapMB":887,"status":"프롬프트 읽는 중  토큰 3  |  레이어 6/30  |  31.8초","outText":"Once upon a time"}
t=431s {"heapMB":758,"status":"프롬프트 읽는 중  토큰 3  |  레이어 12/30  |  63.2초","outText":"Once upon a time"}
t=461s {"heapMB":880,"status":"프롬프트 읽는 중  토큰 3  |  레이어 17/30  |  93.5초","outText":"Once upon a time"}
t=491s {"heapMB":779,"status":"프롬프트 읽는 중  토큰 3  |  레이어 22/30  |  123초","outText":"Once upon a time"}
t=522s {"heapMB":863,"status":"프롬프트 읽는 중  토큰 3  |  레이어 28/30  |  154.9초","outText":"Once upon a time"}
t=554s {"heapMB":778,"status":"프롬프트 읽는 중  토큰 4  |  레이어 3/30  |  15.1초","outText":"Once upon a time"}
t=584s {"heapMB":900,"status":"프롬프트 읽는 중  토큰 4  |  레이어 9/30  |  46.8초","outText":"Once upon a time"}
t=615s {"heapMB":779,"status":"프롬프트 읽는 중  토큰 4  |  레이어 14/30  |  76.8초","outText":"Once upon a time"}
t=646s {"heapMB":900,"status":"프롬프트 읽는 중  토큰 4  |  레이어 20/30  |  108초","outText":"Once upon a time"}
t=676s {"heapMB":799,"status":"프롬프트 읽는 중  토큰 4  |  레이어 25/30  |  137.7초","outText":"Once upon a time"}
t=707s {"heapMB":705,"status":"프롬프트 읽는 중  토큰 4  |  레이어 30/30  |  169.3초","outText":"Once upon a time"}
t=737s {"heapMB":748,"status":"생성 중  토큰 5  |  레이어 1/30  |  2.8초","outText":"Once upon a time0,"}
t=768s {"heapMB":703,"status":"생성 중  토큰 5  |  레이어 6/30  |  33초","outText":"Once upon a time0,"}
t=799s {"heapMB":819,"status":"생성 중  토큰 5  |  레이어 12/30  |  64.9초","outText":"Once upon a time0,"}
t=829s {"heapMB":713,"status":"생성 중  토큰 5  |  레이어 17/30  |  95.1초","outText":"Once upon a time0,"}
t=861s {"heapMB":808,"status":"생성 중  토큰 5  |  레이어 22/30  |  125.2초","outText":"Once upon a time0,"}
t=891s {"heapMB":734,"status":"생성 중  토큰 5  |  레이어 28/30  |  156.7초","outText":"Once upon a time0,"}
t=921s {"heapMB":799,"status":"생성 중  토큰 5  |  레이어 30/30  |  187.3초","outText":"Once upon a time0,"}
t=952s {"heapMB":789,"status":"생성 중  토큰 6  |  레이어 4/30  |  17.9초","outText":"Once upon a time0,0 the"}
t=982s {"heapMB":781,"status":"생성 중  토큰 6  |  레이어 9/30  |  47.1초","outText":"Once upon a time0,0 the"}
t=1012s {"heapMB":721,"status":"생성 중  토큰 6  |  레이어 15/30  |  78.1초","outText":"Once upon a time0,0 the"}
t=1042s {"heapMB":825,"status":"생성 중  토큰 6  |  레이어 20/30  |  107.4초","outText":"Once upon a time0,0 the"}
t=1072s {"heapMB":711,"status":"생성 중  토큰 6  |  레이어 26/30  |  138.9초","outText":"Once upon a time0,0 the"}
t=1103s {"heapMB":829,"status":"생성 중  토큰 6  |  레이어 30/30  |  169.2초","outText":"Once upon a time0,0 the"}
t=1134s {"heapMB":761,"status":"생성 중  토큰 7  |  레이어 2/30  |  7.3초","outText":"Once upon a time0,0 the0 first"}
t=1165s {"heapMB":763,"status":"생성 중  토큰 7  |  레이어 7/30  |  37.7초","outText":"Once upon a time0,0 the0 first"}
t=1195s {"heapMB":730,"status":"생성 중  토큰 7  |  레이어 13/30  |  69초","outText":"Once upon a time0,0 the0 first"}
t=1226s {"heapMB":842,"status":"생성 중  토큰 7  |  레이어 18/30  |  99초","outText":"Once upon a time0,0 the0 first"}
t=1256s {"heapMB":732,"status":"생성 중  토큰 7  |  레이어 24/30  |  130.4초","outText":"Once upon a time0,0 the0 first"}
t=1288s {"heapMB":840,"status":"생성 중  토큰 7  |  레이어 29/30  |  160.5초","outText":"Once upon a time0,0 the0 first"}
t=1318s {"heapMB":732,"status":"생성 중  토큰 7  |  레이어 30/30  |  191.9초","outText":"Once upon a time0,0 the0 first"}
t=1348s {"heapMB":702,"status":"생성 중  토큰 8  |  레이어 5/30  |  25.9초","outText":"Once upon a time0,0 the0 first0 time"}
t=1378s {"heapMB":800,"status":"생성 중  토큰 8  |  레이어 11/30  |  56.2초","outText":"Once upon a time0,0 the0 first0 time"}
t=1409s {"heapMB":702,"status":"생성 중  토큰 8  |  레이어 16/30  |  87초","outText":"Once upon a time0,0 the0 first0 time"}
t=1439s {"heapMB":805,"status":"생성 중  토큰 8  |  레이어 22/30  |  117.3초","outText":"Once upon a time0,0 the0 first0 time"}
t=1470s {"heapMB":730,"status":"생성 중  토큰 8  |  레이어 27/30  |  147.6초","outText":"Once upon a time0,0 the0 first0 time"}
t=1500s {"heapMB":711,"status":"생성 중  토큰 8  |  레이어 30/30  |  177.9초","outText":"Once upon a time0,0 the0 first0 time"}
t=1531s {"heapMB":780,"status":"생성 중  토큰 9  |  레이어 2/30  |  9.5초","outText":"Once upon a time0,0 the0 first0 time0 I"}
t=1561s {"heapMB":756,"status":"생성 중  토큰 9  |  레이어 8/30  |  41초","outText":"Once upon a time0,0 the0 first0 time0 I"}
t=1592s {"heapMB":860,"status":"생성 중  토큰 9  |  레이어 13/30  |  71.6초","outText":"Once upon a time0,0 the0 first0 time0 I"}
t=1622s {"heapMB":782,"status":"생성 중  토큰 9  |  레이어 18/30  |  101.7초","outText":"Once upon a time0,0 the0 first0 time0 I"}
t=1653s {"heapMB":743,"status":"생성 중  토큰 9  |  레이어 23/30  |  132.6초","outText":"Once upon a time0,0 the0 first0 time0 I"}
