Loading weights:   0%|          | 0/272 [00:00<?, ?it/s]Loading weights: 100%|##########| 272/272 [00:00<00:00, 53231.18it/s]
Loading weights:   0%|          | 0/272 [00:00<?, ?it/s]Loading weights:  60%|#####9    | 162/272 [00:00<00:00, 1605.26it/s]Loading weights: 100%|##########| 272/272 [00:00<00:00, 1615.15it/s]
student ppl at start 5898.774
step 0/2441 kd 5.3404 6357 tok/s  0.0 min
step 50/2441 kd 1.3958 6750 tok/s  1.0 min
step 100/2441 kd 0.8679 6751 tok/s  2.0 min
step 150/2441 kd 0.8060 6645 tok/s  3.1 min
step 200/2441 kd 0.7600 6300 tok/s  4.4 min
step 250/2441 kd 0.6329 6331 tok/s  5.4 min
step 300/2441 kd 0.5562 6352 tok/s  6.5 min
step 350/2441 kd 0.6418 6359 tok/s  7.5 min
step 400/2441 kd 0.5671 6374 tok/s  8.6 min
step 450/2441 kd 0.5132 6390 tok/s  9.6 min
step 500/2441 kd 0.5324 6386 tok/s  10.7 min
step 550/2441 kd 0.5415 6364 tok/s  11.8 min
step 600/2441 kd 0.5065 6389 tok/s  12.8 min
step 650/2441 kd 0.6421 6379 tok/s  13.9 min
step 700/2441 kd 0.4515 6383 tok/s  15.0 min
step 750/2441 kd 0.5056 6400 tok/s  16.0 min
step 800/2441 kd 0.4618 6406 tok/s  17.1 min
step 850/2441 kd 0.5158 6424 tok/s  18.1 min
step 900/2441 kd 0.5549 6440 tok/s  19.1 min
step 950/2441 kd 0.4931 6456 tok/s  20.1 min
ppl 36.96
step 1000/2441 kd 0.4380 6445 tok/s  21.2 min
step 1050/2441 kd 0.4506 6458 tok/s  22.2 min
step 1100/2441 kd 0.5206 6469 tok/s  23.2 min
step 1150/2441 kd 0.4414 6481 tok/s  24.2 min
step 1200/2441 kd 0.4551 6491 tok/s  25.3 min
step 1250/2441 kd 0.5293 6501 tok/s  26.3 min
step 1300/2441 kd 0.4302 6509 tok/s  27.3 min
step 1350/2441 kd 0.3884 6517 tok/s  28.3 min
step 1400/2441 kd 0.4031 6523 tok/s  29.3 min
step 1450/2441 kd 0.3333 6530 tok/s  30.3 min
step 1500/2441 kd 0.3841 6536 tok/s  31.4 min
step 1550/2441 kd 0.4927 6543 tok/s  32.4 min
step 1600/2441 kd 0.3912 6549 tok/s  33.4 min
step 1650/2441 kd 0.4096 6554 tok/s  34.4 min
step 1700/2441 kd 0.4451 6560 tok/s  35.4 min
step 1750/2441 kd 0.3608 6549 tok/s  36.5 min
step 1800/2441 kd 0.4400 6509 tok/s  37.8 min
step 1850/2441 kd 0.3747 6436 tok/s  39.3 min
step 1900/2441 kd 0.3674 6422 tok/s  40.4 min
step 1950/2441 kd 0.3723 6426 tok/s  41.5 min
ppl 33.975
step 2000/2441 kd 0.3990 6419 tok/s  42.6 min
step 2050/2441 kd 0.3821 6388 tok/s  43.8 min
step 2100/2441 kd 0.3546 6394 tok/s  44.9 min
step 2150/2441 kd 0.4033 6386 tok/s  46.0 min
step 2200/2441 kd 0.3898 6392 tok/s  47.0 min
step 2250/2441 kd 0.4124 6398 tok/s  48.0 min
step 2300/2441 kd 0.4157 6403 tok/s  49.1 min
step 2350/2441 kd 0.4412 6411 tok/s  50.1 min
step 2400/2441 kd 0.3601 6418 tok/s  51.1 min
ppl 33.652
'Once upon a time, there was a curious little girl named Lily. She loved exploring new places and meeting new people. One day, she asked her mom, "Why do we need to go to different places?" Her'
