Loading weights:   0%|          | 0/272 [00:00<?, ?it/s]Loading weights: 100%|##########| 272/272 [00:00<00:00, 62198.82it/s]
Loading weights:   0%|          | 0/272 [00:00<?, ?it/s]Loading weights:  62%|######1   | 168/272 [00:00<00:00, 1676.08it/s]Loading weights: 100%|##########| 272/272 [00:00<00:00, 1774.10it/s]
student ppl at start 33.652
step 0/9765 kd 0.3745 6291 tok/s  0.0 min
step 50/9765 kd 0.4298 6737 tok/s  1.0 min
step 100/9765 kd 0.4183 6757 tok/s  2.0 min
step 150/9765 kd 0.3676 6761 tok/s  3.0 min
step 200/9765 kd 0.4266 6770 tok/s  4.1 min
step 250/9765 kd 0.3714 6778 tok/s  5.1 min
step 300/9765 kd 0.4661 6782 tok/s  6.1 min
step 350/9765 kd 0.4964 6786 tok/s  7.1 min
step 400/9765 kd 0.4815 6789 tok/s  8.1 min
step 450/9765 kd 0.5124 6791 tok/s  9.1 min
step 500/9765 kd 0.4246 6792 tok/s  10.1 min
step 550/9765 kd 0.4612 6794 tok/s  11.1 min
step 600/9765 kd 0.4032 6795 tok/s  12.1 min
step 650/9765 kd 0.4703 6797 tok/s  13.1 min
step 700/9765 kd 0.7038 6797 tok/s  14.1 min
step 750/9765 kd 0.3259 6798 tok/s  15.1 min
step 800/9765 kd 0.4061 6798 tok/s  16.1 min
step 850/9765 kd 0.4224 6799 tok/s  17.1 min
step 900/9765 kd 0.3769 6799 tok/s  18.1 min
step 950/9765 kd 0.3669 6800 tok/s  19.1 min
ppl 34.151
step 1000/9765 kd 0.3915 6780 tok/s  20.2 min
step 1050/9765 kd 0.3843 6780 tok/s  21.2 min
step 1100/9765 kd 0.4074 6778 tok/s  22.2 min
step 1150/9765 kd 0.3549 6775 tok/s  23.2 min
step 1200/9765 kd 0.4185 6740 tok/s  24.3 min
step 1250/9765 kd 0.4157 6639 tok/s  25.7 min
step 1300/9765 kd 0.4108 6548 tok/s  27.1 min
step 1350/9765 kd 0.3732 6456 tok/s  28.6 min
step 1400/9765 kd 0.4302 6383 tok/s  30.0 min
step 1450/9765 kd 0.4678 6316 tok/s  31.4 min
step 1500/9765 kd 0.3489 6258 tok/s  32.7 min
step 1550/9765 kd 0.3709 6197 tok/s  34.2 min
step 1600/9765 kd 0.3632 6192 tok/s  35.3 min
step 1650/9765 kd 0.4383 6190 tok/s  36.4 min
step 1700/9765 kd 0.4234 6184 tok/s  37.6 min
step 1750/9765 kd 0.3528 6192 tok/s  38.6 min
step 1800/9765 kd 0.4054 6201 tok/s  39.7 min
step 1850/9765 kd 0.3499 6202 tok/s  40.7 min
step 1900/9765 kd 0.3986 6206 tok/s  41.8 min
step 1950/9765 kd 0.3704 6211 tok/s  42.9 min
ppl 33.169
step 2000/9765 kd 0.3949 6194 tok/s  44.1 min
step 2050/9765 kd 0.3720 6192 tok/s  45.2 min
step 2100/9765 kd 0.4227 6195 tok/s  46.3 min
step 2150/9765 kd 0.3566 6190 tok/s  47.4 min
step 2200/9765 kd 0.3681 6181 tok/s  48.6 min
step 2250/9765 kd 0.3441 6173 tok/s  49.8 min
step 2300/9765 kd 0.3563 6155 tok/s  51.0 min
step 2350/9765 kd 0.4518 6142 tok/s  52.3 min
step 2400/9765 kd 0.3400 6128 tok/s  53.5 min
step 2450/9765 kd 0.4002 6113 tok/s  54.7 min
step 2500/9765 kd 0.3644 6099 tok/s  56.0 min
step 2550/9765 kd 0.4296 6088 tok/s  57.2 min
step 2600/9765 kd 0.4430 6079 tok/s  58.4 min
step 2650/9765 kd 0.3753 6062 tok/s  59.7 min
step 2700/9765 kd 0.3406 6026 tok/s  61.2 min
