Loading weights:   0%|          | 0/74 [00:00<?, ?it/s]Loading weights: 100%|██████████| 74/74 [00:00<00:00, 3211.73it/s]
Loading weights:   0%|          | 0/74 [00:00<?, ?it/s]Loading weights: 100%|██████████| 74/74 [00:00<00:00, 3111.41it/s]
student ppl at start 14.033
step 0/9765 kd 1.3138 16482 tok/s  0.0 min
step 50/9765 kd 0.4571 18984 tok/s  0.4 min
step 100/9765 kd 0.4139 19054 tok/s  0.7 min
step 150/9765 kd 0.4166 19026 tok/s  1.1 min
step 200/9765 kd 0.3845 19054 tok/s  1.4 min
step 250/9765 kd 0.3550 19092 tok/s  1.8 min
step 300/9765 kd 0.4224 19129 tok/s  2.1 min
step 350/9765 kd 0.3486 19117 tok/s  2.5 min
step 400/9765 kd 0.4002 19120 tok/s  2.9 min
step 450/9765 kd 0.3903 19126 tok/s  3.2 min
step 500/9765 kd 0.3757 19107 tok/s  3.6 min
step 550/9765 kd 0.3668 19102 tok/s  3.9 min
step 600/9765 kd 0.3347 19112 tok/s  4.3 min
step 650/9765 kd 0.3520 19120 tok/s  4.6 min
step 700/9765 kd 0.3259 19114 tok/s  5.0 min
step 750/9765 kd 0.3383 19264 tok/s  5.3 min
step 800/9765 kd 0.3504 19237 tok/s  5.7 min
step 850/9765 kd 0.3434 19277 tok/s  6.0 min
step 900/9765 kd 0.3816 19604 tok/s  6.3 min
step 950/9765 kd 0.3265 19908 tok/s  6.5 min
ppl 5.497
step 1000/9765 kd 0.3480 20145 tok/s  6.8 min
step 1050/9765 kd 0.2947 20409 tok/s  7.0 min
step 1100/9765 kd 0.3343 20657 tok/s  7.3 min
step 1150/9765 kd 0.3755 20888 tok/s  7.5 min
step 1200/9765 kd 0.2954 21105 tok/s  7.8 min
step 1250/9765 kd 0.3090 21309 tok/s  8.0 min
step 1300/9765 kd 0.2882 21503 tok/s  8.3 min
step 1350/9765 kd 0.3249 21684 tok/s  8.5 min
step 1400/9765 kd 0.3120 21856 tok/s  8.8 min
step 1450/9765 kd 0.3306 22017 tok/s  9.0 min
step 1500/9765 kd 0.2723 22170 tok/s  9.2 min
step 1550/9765 kd 0.2901 22315 tok/s  9.5 min
step 1600/9765 kd 0.3530 22452 tok/s  9.7 min
step 1650/9765 kd 0.3048 22583 tok/s  10.0 min
step 1700/9765 kd 0.3777 22709 tok/s  10.2 min
step 1750/9765 kd 0.3026 22829 tok/s  10.5 min
step 1800/9765 kd 0.3121 22938 tok/s  10.7 min
step 1850/9765 kd 0.3157 23047 tok/s  11.0 min
step 1900/9765 kd 0.3061 23151 tok/s  11.2 min
step 1950/9765 kd 0.3237 23251 tok/s  11.5 min
ppl 5.353
step 2000/9765 kd 0.3413 23317 tok/s  11.7 min
step 2050/9765 kd 0.2808 23408 tok/s  12.0 min
step 2100/9765 kd 0.3230 23497 tok/s  12.2 min
step 2150/9765 kd 0.3011 23594 tok/s  12.4 min
step 2200/9765 kd 0.3110 23687 tok/s  12.7 min
step 2250/9765 kd 0.2835 23774 tok/s  12.9 min
step 2300/9765 kd 0.2880 23860 tok/s  13.2 min
step 2350/9765 kd 0.3098 23943 tok/s  13.4 min
step 2400/9765 kd 0.3008 24022 tok/s  13.6 min
step 2450/9765 kd 0.2950 24086 tok/s  13.9 min
step 2500/9765 kd 0.3085 24149 tok/s  14.1 min
step 2550/9765 kd 0.3516 24212 tok/s  14.4 min
step 2600/9765 kd 0.3134 24270 tok/s  14.6 min
step 2650/9765 kd 0.2679 24326 tok/s  14.9 min
step 2700/9765 kd 0.2943 24387 tok/s  15.1 min
step 2750/9765 kd 0.3025 24445 tok/s  15.4 min
step 2800/9765 kd 0.2989 24500 tok/s  15.6 min
step 2850/9765 kd 0.3162 24554 tok/s  15.9 min
step 2900/9765 kd 0.3085 24607 tok/s  16.1 min
step 2950/9765 kd 0.2592 24657 tok/s  16.3 min
ppl 5.206
step 3000/9765 kd 0.2322 24687 tok/s  16.6 min
step 3050/9765 kd 0.2742 24738 tok/s  16.8 min
step 3100/9765 kd 0.2918 24788 tok/s  17.1 min
step 3150/9765 kd 0.2712 24831 tok/s  17.3 min
step 3200/9765 kd 0.2802 24872 tok/s  17.6 min
step 3250/9765 kd 0.2784 24918 tok/s  17.8 min
step 3300/9765 kd 0.2716 24959 tok/s  18.1 min
step 3350/9765 kd 0.3048 24993 tok/s  18.3 min
step 3400/9765 kd 0.2822 25020 tok/s  18.6 min
step 3450/9765 kd 0.2894 25048 tok/s  18.8 min
step 3500/9765 kd 0.2694 25088 tok/s  19.1 min
step 3550/9765 kd 0.2733 25129 tok/s  19.3 min
step 3600/9765 kd 0.2852 25171 tok/s  19.5 min
step 3650/9765 kd 0.2735 25212 tok/s  19.8 min
step 3700/9765 kd 0.2889 25252 tok/s  20.0 min
step 3750/9765 kd 0.2747 25292 tok/s  20.2 min
step 3800/9765 kd 0.2892 25331 tok/s  20.5 min
step 3850/9765 kd 0.3048 25368 tok/s  20.7 min
step 3900/9765 kd 0.2590 25405 tok/s  21.0 min
step 3950/9765 kd 0.2659 25440 tok/s  21.2 min
ppl 5.082
step 4000/9765 kd 0.2507 25457 tok/s  21.5 min
step 4050/9765 kd 0.2414 25491 tok/s  21.7 min
step 4100/9765 kd 0.2822 25525 tok/s  21.9 min
step 4150/9765 kd 0.2638 25558 tok/s  22.2 min
step 4200/9765 kd 0.2714 25590 tok/s  22.4 min
step 4250/9765 kd 0.2387 25622 tok/s  22.7 min
step 4300/9765 kd 0.2557 25653 tok/s  22.9 min
step 4350/9765 kd 0.2653 25685 tok/s  23.1 min
step 4400/9765 kd 0.2500 25714 tok/s  23.4 min
step 4450/9765 kd 0.2618 25744 tok/s  23.6 min
step 4500/9765 kd 0.2998 25772 tok/s  23.8 min
step 4550/9765 kd 0.2608 25800 tok/s  24.1 min
step 4600/9765 kd 0.3020 25821 tok/s  24.3 min
step 4650/9765 kd 0.3171 25773 tok/s  24.6 min
step 4700/9765 kd 0.2191 25678 tok/s  25.0 min
step 4750/9765 kd 0.2513 25593 tok/s  25.3 min
step 4800/9765 kd 0.2745 25577 tok/s  25.6 min
step 4850/9765 kd 0.2322 25603 tok/s  25.9 min
step 4900/9765 kd 0.2357 25628 tok/s  26.1 min
step 4950/9765 kd 0.2924 25652 tok/s  26.4 min
ppl 4.981
step 5000/9765 kd 0.2362 25663 tok/s  26.6 min
step 5050/9765 kd 0.2424 25686 tok/s  26.8 min
step 5100/9765 kd 0.2473 25709 tok/s  27.1 min
step 5150/9765 kd 0.2520 25730 tok/s  27.3 min
step 5200/9765 kd 0.2536 25753 tok/s  27.6 min
step 5250/9765 kd 0.2277 25777 tok/s  27.8 min
step 5300/9765 kd 0.2589 25800 tok/s  28.1 min
step 5350/9765 kd 0.2479 25823 tok/s  28.3 min
step 5400/9765 kd 0.2371 25844 tok/s  28.5 min
step 5450/9765 kd 0.2174 25865 tok/s  28.8 min
step 5500/9765 kd 0.2448 25885 tok/s  29.0 min
step 5550/9765 kd 0.2403 25904 tok/s  29.3 min
step 5600/9765 kd 0.2288 25924 tok/s  29.5 min
step 5650/9765 kd 0.2071 25877 tok/s  29.8 min
step 5700/9765 kd 0.2083 25816 tok/s  30.2 min
step 5750/9765 kd 0.2450 25832 tok/s  30.4 min
step 5800/9765 kd 0.2218 25847 tok/s  30.6 min
step 5850/9765 kd 0.2183 25861 tok/s  30.9 min
step 5900/9765 kd 0.2455 25827 tok/s  31.2 min
step 5950/9765 kd 0.2274 25787 tok/s  31.5 min
ppl 4.967
step 6000/9765 kd 0.2401 25794 tok/s  31.8 min
step 6050/9765 kd 0.2205 25811 tok/s  32.0 min
step 6100/9765 kd 0.2324 25829 tok/s  32.3 min
step 6150/9765 kd 0.2045 25846 tok/s  32.5 min
step 6200/9765 kd 0.2077 25862 tok/s  32.7 min
step 6250/9765 kd 0.2308 25878 tok/s  33.0 min
step 6300/9765 kd 0.2158 25894 tok/s  33.2 min
step 6350/9765 kd 0.1952 25910 tok/s  33.5 min
step 6400/9765 kd 0.2026 25925 tok/s  33.7 min
step 6450/9765 kd 0.2278 25940 tok/s  34.0 min
step 6500/9765 kd 0.1973 25955 tok/s  34.2 min
step 6550/9765 kd 0.2208 25970 tok/s  34.4 min
step 6600/9765 kd 0.2386 25986 tok/s  34.7 min
step 6650/9765 kd 0.2222 26001 tok/s  34.9 min
step 6700/9765 kd 0.2182 26016 tok/s  35.2 min
step 6750/9765 kd 0.2194 26031 tok/s  35.4 min
step 6800/9765 kd 0.2157 26046 tok/s  35.7 min
step 6850/9765 kd 0.2066 26061 tok/s  35.9 min
step 6900/9765 kd 0.2268 26075 tok/s  36.1 min
step 6950/9765 kd 0.2160 26089 tok/s  36.4 min
ppl 4.942
step 7000/9765 kd 0.2098 26090 tok/s  36.6 min
step 7050/9765 kd 0.2019 26073 tok/s  36.9 min
step 7100/9765 kd 0.2247 26087 tok/s  37.2 min
step 7150/9765 kd 0.1824 26064 tok/s  37.5 min
step 7200/9765 kd 0.1827 26043 tok/s  37.8 min
step 7250/9765 kd 0.2113 26058 tok/s  38.0 min
step 7300/9765 kd 0.2174 26058 tok/s  38.3 min
step 7350/9765 kd 0.1927 25986 tok/s  38.6 min
step 7400/9765 kd 0.1814 25935 tok/s  39.0 min
step 7450/9765 kd 0.2033 25861 tok/s  39.3 min
step 7500/9765 kd 0.1789 25791 tok/s  39.7 min
step 7550/9765 kd 0.2039 25736 tok/s  40.1 min
step 7600/9765 kd 0.1908 25678 tok/s  40.4 min
step 7650/9765 kd 0.2108 25609 tok/s  40.8 min
step 7700/9765 kd 0.1872 25536 tok/s  41.2 min
step 7750/9765 kd 0.1836 25472 tok/s  41.5 min
step 7800/9765 kd 0.1823 25410 tok/s  41.9 min
step 7850/9765 kd 0.1962 25346 tok/s  42.3 min
step 7900/9765 kd 0.2020 25284 tok/s  42.7 min
step 7950/9765 kd 0.2069 25226 tok/s  43.0 min
ppl 4.822
step 8000/9765 kd 0.1869 25146 tok/s  43.4 min
step 8050/9765 kd 0.1903 25079 tok/s  43.8 min
step 8100/9765 kd 0.2114 25018 tok/s  44.2 min
step 8150/9765 kd 0.1996 24959 tok/s  44.6 min
step 8200/9765 kd 0.1887 24904 tok/s  45.0 min
step 8250/9765 kd 0.1694 24848 tok/s  45.3 min
step 8300/9765 kd 0.1775 24795 tok/s  45.7 min
step 8350/9765 kd 0.1731 24740 tok/s  46.1 min
step 8400/9765 kd 0.2033 24689 tok/s  46.5 min
step 8450/9765 kd 0.1936 24639 tok/s  46.8 min
step 8500/9765 kd 0.1797 24592 tok/s  47.2 min
step 8550/9765 kd 0.1686 24545 tok/s  47.6 min
step 8600/9765 kd 0.2233 24496 tok/s  47.9 min
step 8650/9765 kd 0.2183 24472 tok/s  48.3 min
step 8700/9765 kd 0.1788 24492 tok/s  48.5 min
step 8750/9765 kd 0.1959 24511 tok/s  48.7 min
step 8800/9765 kd 0.1818 24530 tok/s  49.0 min
step 8850/9765 kd 0.1514 24548 tok/s  49.2 min
step 8900/9765 kd 0.1744 24567 tok/s  49.5 min
step 8950/9765 kd 0.1747 24586 tok/s  49.7 min
ppl 4.789
step 9000/9765 kd 0.1750 24598 tok/s  50.0 min
step 9050/9765 kd 0.1742 24617 tok/s  50.2 min
step 9100/9765 kd 0.1912 24635 tok/s  50.4 min
step 9150/9765 kd 0.2234 24654 tok/s  50.7 min
step 9200/9765 kd 0.1673 24672 tok/s  50.9 min
step 9250/9765 kd 0.1865 24690 tok/s  51.2 min
step 9300/9765 kd 0.1679 24708 tok/s  51.4 min
step 9350/9765 kd 0.1589 24725 tok/s  51.6 min
step 9400/9765 kd 0.1731 24743 tok/s  51.9 min
step 9450/9765 kd 0.1914 24760 tok/s  52.1 min
step 9500/9765 kd 0.1605 24778 tok/s  52.4 min
step 9550/9765 kd 0.2092 24795 tok/s  52.6 min
step 9600/9765 kd 0.1775 24812 tok/s  52.8 min
step 9650/9765 kd 0.1756 24829 tok/s  53.1 min
step 9700/9765 kd 0.1884 24846 tok/s  53.3 min
step 9750/9765 kd 0.1874 24861 tok/s  53.6 min
ppl 4.78
'Once upon a time, there was a little girl named Lily. She had a big, red ball. Lily loved to play with her ball every day. One day, she saw a small, green bug on her ball'
